// Jest Snapshot v1, https://goo.gl/fbAQLP

exports[`Picker.Panel monthCellRender 1`] = `
<tbody>
  <tr>
    <td
      class="rc-picker-cell rc-picker-cell-in-view"
      title="1990-01"
    >
      1990-01
    </td>
    <td
      class="rc-picker-cell rc-picker-cell-in-view"
      title="1990-02"
    >
      1990-02
    </td>
    <td
      class="rc-picker-cell rc-picker-cell-in-view"
      title="1990-03"
    >
      1990-03
    </td>
  </tr>
  <tr>
    <td
      class="rc-picker-cell rc-picker-cell-in-view"
      title="1990-04"
    >
      1990-04
    </td>
    <td
      class="rc-picker-cell rc-picker-cell-in-view"
      title="1990-05"
    >
      1990-05
    </td>
    <td
      class="rc-picker-cell rc-picker-cell-in-view"
      title="1990-06"
    >
      1990-06
    </td>
  </tr>
  <tr>
    <td
      class="rc-picker-cell rc-picker-cell-in-view"
      title="1990-07"
    >
      1990-07
    </td>
    <td
      class="rc-picker-cell rc-picker-cell-in-view"
      title="1990-08"
    >
      1990-08
    </td>
    <td
      class="rc-picker-cell rc-picker-cell-in-view"
      title="1990-09"
    >
      1990-09
    </td>
  </tr>
  <tr>
    <td
      class="rc-picker-cell rc-picker-cell-in-view"
      title="1990-10"
    >
      1990-10
    </td>
    <td
      class="rc-picker-cell rc-picker-cell-in-view"
      title="1990-11"
    >
      1990-11
    </td>
    <td
      class="rc-picker-cell rc-picker-cell-in-view"
      title="1990-12"
    >
      1990-12
    </td>
  </tr>
</tbody>
`;

exports[`Picker.Panel should render correctly in rtl 1`] = `
<div
  class="rc-picker-panel rc-picker-panel-rtl"
  tabindex="0"
>
  <div
    class="rc-picker-date-panel"
  >
    <div
      class="rc-picker-header"
    >
      <button
        class="rc-picker-header-super-prev-btn"
        tabindex="-1"
        type="button"
      >
        «
      </button>
      <button
        class="rc-picker-header-prev-btn"
        tabindex="-1"
        type="button"
      >
        ‹
      </button>
      <div
        class="rc-picker-header-view"
      >
        <button
          class="rc-picker-month-btn"
          tabindex="-1"
          type="button"
        >
          Sep
        </button>
        <button
          class="rc-picker-year-btn"
          tabindex="-1"
          type="button"
        >
          1990
        </button>
      </div>
      <button
        class="rc-picker-header-next-btn"
        tabindex="-1"
        type="button"
      >
        ›
      </button>
      <button
        class="rc-picker-header-super-next-btn"
        tabindex="-1"
        type="button"
      >
        »
      </button>
    </div>
    <div
      class="rc-picker-body"
    >
      <table
        class="rc-picker-content"
      >
        <thead>
          <tr>
            <th>
              Su
            </th>
            <th>
              Mo
            </th>
            <th>
              Tu
            </th>
            <th>
              We
            </th>
            <th>
              Th
            </th>
            <th>
              Fr
            </th>
            <th>
              Sa
            </th>
          </tr>
        </thead>
        <tbody>
          <tr>
            <td
              class="rc-picker-cell"
              title="1990-08-26"
            >
              <div
                class="rc-picker-cell-inner"
              >
                26
              </div>
            </td>
            <td
              class="rc-picker-cell"
              title="1990-08-27"
            >
              <div
                class="rc-picker-cell-inner"
              >
                27
              </div>
            </td>
            <td
              class="rc-picker-cell"
              title="1990-08-28"
            >
              <div
                class="rc-picker-cell-inner"
              >
                28
              </div>
            </td>
            <td
              class="rc-picker-cell"
              title="1990-08-29"
            >
              <div
                class="rc-picker-cell-inner"
              >
                29
              </div>
            </td>
            <td
              class="rc-picker-cell"
              title="1990-08-30"
            >
              <div
                class="rc-picker-cell-inner"
              >
                30
              </div>
            </td>
            <td
              class="rc-picker-cell rc-picker-cell-end"
              title="1990-08-31"
            >
              <div
                class="rc-picker-cell-inner"
              >
                31
              </div>
            </td>
            <td
              class="rc-picker-cell rc-picker-cell-start rc-picker-cell-in-view"
              title="1990-09-01"
            >
              <div
                class="rc-picker-cell-inner"
              >
                1
              </div>
            </td>
          </tr>
          <tr>
            <td
              class="rc-picker-cell rc-picker-cell-in-view"
              title="1990-09-02"
            >
              <div
                class="rc-picker-cell-inner"
              >
                2
              </div>
            </td>
            <td
              class="rc-picker-cell rc-picker-cell-in-view rc-picker-cell-today"
              title="1990-09-03"
            >
              <div
                class="rc-picker-cell-inner"
              >
                3
              </div>
            </td>
            <td
              class="rc-picker-cell rc-picker-cell-in-view"
              title="1990-09-04"
            >
              <div
                class="rc-picker-cell-inner"
              >
                4
              </div>
            </td>
            <td
              class="rc-picker-cell rc-picker-cell-in-view"
              title="1990-09-05"
            >
              <div
                class="rc-picker-cell-inner"
              >
                5
              </div>
            </td>
            <td
              class="rc-picker-cell rc-picker-cell-in-view"
              title="1990-09-06"
            >
              <div
                class="rc-picker-cell-inner"
              >
                6
              </div>
            </td>
            <td
              class="rc-picker-cell rc-picker-cell-in-view"
              title="1990-09-07"
            >
              <div
                class="rc-picker-cell-inner"
              >
                7
              </div>
            </td>
            <td
              class="rc-picker-cell rc-picker-cell-in-view"
              title="1990-09-08"
            >
              <div
                class="rc-picker-cell-inner"
              >
                8
              </div>
            </td>
          </tr>
          <tr>
            <td
              class="rc-picker-cell rc-picker-cell-in-view"
              title="1990-09-09"
            >
              <div
                class="rc-picker-cell-inner"
              >
                9
              </div>
            </td>
            <td
              class="rc-picker-cell rc-picker-cell-in-view"
              title="1990-09-10"
            >
              <div
                class="rc-picker-cell-inner"
              >
                10
              </div>
            </td>
            <td
              class="rc-picker-cell rc-picker-cell-in-view"
              title="1990-09-11"
            >
              <div
                class="rc-picker-cell-inner"
              >
                11
              </div>
            </td>
            <td
              class="rc-picker-cell rc-picker-cell-in-view"
              title="1990-09-12"
            >
              <div
                class="rc-picker-cell-inner"
              >
                12
              </div>
            </td>
            <td
              class="rc-picker-cell rc-picker-cell-in-view"
              title="1990-09-13"
            >
              <div
                class="rc-picker-cell-inner"
              >
                13
              </div>
            </td>
            <td
              class="rc-picker-cell rc-picker-cell-in-view"
              title="1990-09-14"
            >
              <div
                class="rc-picker-cell-inner"
              >
                14
              </div>
            </td>
            <td
              class="rc-picker-cell rc-picker-cell-in-view"
              title="1990-09-15"
            >
              <div
                class="rc-picker-cell-inner"
              >
                15
              </div>
            </td>
          </tr>
          <tr>
            <td
              class="rc-picker-cell rc-picker-cell-in-view"
              title="1990-09-16"
            >
              <div
                class="rc-picker-cell-inner"
              >
                16
              </div>
            </td>
            <td
              class="rc-picker-cell rc-picker-cell-in-view"
              title="1990-09-17"
            >
              <div
                class="rc-picker-cell-inner"
              >
                17
              </div>
            </td>
            <td
              class="rc-picker-cell rc-picker-cell-in-view"
              title="1990-09-18"
            >
              <div
                class="rc-picker-cell-inner"
              >
                18
              </div>
            </td>
            <td
              class="rc-picker-cell rc-picker-cell-in-view"
              title="1990-09-19"
            >
              <div
                class="rc-picker-cell-inner"
              >
                19
              </div>
            </td>
            <td
              class="rc-picker-cell rc-picker-cell-in-view"
              title="1990-09-20"
            >
              <div
                class="rc-picker-cell-inner"
              >
                20
              </div>
            </td>
            <td
              class="rc-picker-cell rc-picker-cell-in-view"
              title="1990-09-21"
            >
              <div
                class="rc-picker-cell-inner"
              >
                21
              </div>
            </td>
            <td
              class="rc-picker-cell rc-picker-cell-in-view"
              title="1990-09-22"
            >
              <div
                class="rc-picker-cell-inner"
              >
                22
              </div>
            </td>
          </tr>
          <tr>
            <td
              class="rc-picker-cell rc-picker-cell-in-view"
              title="1990-09-23"
            >
              <div
                class="rc-picker-cell-inner"
              >
                23
              </div>
            </td>
            <td
              class="rc-picker-cell rc-picker-cell-in-view"
              title="1990-09-24"
            >
              <div
                class="rc-picker-cell-inner"
              >
                24
              </div>
            </td>
            <td
              class="rc-picker-cell rc-picker-cell-in-view"
              title="1990-09-25"
            >
              <div
                class="rc-picker-cell-inner"
              >
                25
              </div>
            </td>
            <td
              class="rc-picker-cell rc-picker-cell-in-view"
              title="1990-09-26"
            >
              <div
                class="rc-picker-cell-inner"
              >
                26
              </div>
            </td>
            <td
              class="rc-picker-cell rc-picker-cell-in-view"
              title="1990-09-27"
            >
              <div
                class="rc-picker-cell-inner"
              >
                27
              </div>
            </td>
            <td
              class="rc-picker-cell rc-picker-cell-in-view"
              title="1990-09-28"
            >
              <div
                class="rc-picker-cell-inner"
              >
                28
              </div>
            </td>
            <td
              class="rc-picker-cell rc-picker-cell-in-view"
              title="1990-09-29"
            >
              <div
                class="rc-picker-cell-inner"
              >
                29
              </div>
            </td>
          </tr>
          <tr>
            <td
              class="rc-picker-cell rc-picker-cell-end rc-picker-cell-in-view"
              title="1990-09-30"
            >
              <div
                class="rc-picker-cell-inner"
              >
                30
              </div>
            </td>
            <td
              class="rc-picker-cell rc-picker-cell-start"
              title="1990-10-01"
            >
              <div
                class="rc-picker-cell-inner"
              >
                1
              </div>
            </td>
            <td
              class="rc-picker-cell"
              title="1990-10-02"
            >
              <div
                class="rc-picker-cell-inner"
              >
                2
              </div>
            </td>
            <td
              class="rc-picker-cell"
              title="1990-10-03"
            >
              <div
                class="rc-picker-cell-inner"
              >
                3
              </div>
            </td>
            <td
              class="rc-picker-cell"
              title="1990-10-04"
            >
              <div
                class="rc-picker-cell-inner"
              >
                4
              </div>
            </td>
            <td
              class="rc-picker-cell"
              title="1990-10-05"
            >
              <div
                class="rc-picker-cell-inner"
              >
                5
              </div>
            </td>
            <td
              class="rc-picker-cell"
              title="1990-10-06"
            >
              <div
                class="rc-picker-cell-inner"
              >
                6
              </div>
            </td>
          </tr>
        </tbody>
      </table>
    </div>
  </div>
</div>
`;

exports[`Picker.Panel time disabled columns basic 1`] = `
<div
  class="rc-picker-panel"
  tabindex="0"
>
  <div
    class="rc-picker-time-panel"
  >
    <div
      class="rc-picker-header"
    >
      <div
        class="rc-picker-header-view"
      >
         
      </div>
    </div>
    <div
      class="rc-picker-content"
    >
      <ul
        class="rc-picker-time-panel-column"
        style="position: relative;"
      >
        <li
          class="rc-picker-time-panel-cell rc-picker-time-panel-cell-disabled"
        >
          <div
            class="rc-picker-time-panel-cell-inner"
          >
            00
          </div>
        </li>
        <li
          class="rc-picker-time-panel-cell rc-picker-time-panel-cell-disabled"
        >
          <div
            class="rc-picker-time-panel-cell-inner"
          >
            01
          </div>
        </li>
        <li
          class="rc-picker-time-panel-cell rc-picker-time-panel-cell-disabled"
        >
          <div
            class="rc-picker-time-panel-cell-inner"
          >
            02
          </div>
        </li>
        <li
          class="rc-picker-time-panel-cell rc-picker-time-panel-cell-disabled"
        >
          <div
            class="rc-picker-time-panel-cell-inner"
          >
            03
          </div>
        </li>
        <li
          class="rc-picker-time-panel-cell rc-picker-time-panel-cell-disabled"
        >
          <div
            class="rc-picker-time-panel-cell-inner"
          >
            04
          </div>
        </li>
        <li
          class="rc-picker-time-panel-cell rc-picker-time-panel-cell-disabled"
        >
          <div
            class="rc-picker-time-panel-cell-inner"
          >
            05
          </div>
        </li>
        <li
          class="rc-picker-time-panel-cell rc-picker-time-panel-cell-disabled"
        >
          <div
            class="rc-picker-time-panel-cell-inner"
          >
            06
          </div>
        </li>
        <li
          class="rc-picker-time-panel-cell rc-picker-time-panel-cell-disabled"
        >
          <div
            class="rc-picker-time-panel-cell-inner"
          >
            07
          </div>
        </li>
        <li
          class="rc-picker-time-panel-cell"
        >
          <div
            class="rc-picker-time-panel-cell-inner"
          >
            08
          </div>
        </li>
        <li
          class="rc-picker-time-panel-cell"
        >
          <div
            class="rc-picker-time-panel-cell-inner"
          >
            09
          </div>
        </li>
        <li
          class="rc-picker-time-panel-cell"
        >
          <div
            class="rc-picker-time-panel-cell-inner"
          >
            10
          </div>
        </li>
        <li
          class="rc-picker-time-panel-cell"
        >
          <div
            class="rc-picker-time-panel-cell-inner"
          >
            11
          </div>
        </li>
        <li
          class="rc-picker-time-panel-cell"
        >
          <div
            class="rc-picker-time-panel-cell-inner"
          >
            12
          </div>
        </li>
        <li
          class="rc-picker-time-panel-cell"
        >
          <div
            class="rc-picker-time-panel-cell-inner"
          >
            13
          </div>
        </li>
        <li
          class="rc-picker-time-panel-cell"
        >
          <div
            class="rc-picker-time-panel-cell-inner"
          >
            14
          </div>
        </li>
        <li
          class="rc-picker-time-panel-cell"
        >
          <div
            class="rc-picker-time-panel-cell-inner"
          >
            15
          </div>
        </li>
        <li
          class="rc-picker-time-panel-cell"
        >
          <div
            class="rc-picker-time-panel-cell-inner"
          >
            16
          </div>
        </li>
        <li
          class="rc-picker-time-panel-cell"
        >
          <div
            class="rc-picker-time-panel-cell-inner"
          >
            17
          </div>
        </li>
        <li
          class="rc-picker-time-panel-cell"
        >
          <div
            class="rc-picker-time-panel-cell-inner"
          >
            18
          </div>
        </li>
        <li
          class="rc-picker-time-panel-cell"
        >
          <div
            class="rc-picker-time-panel-cell-inner"
          >
            19
          </div>
        </li>
        <li
          class="rc-picker-time-panel-cell"
        >
          <div
            class="rc-picker-time-panel-cell-inner"
          >
            20
          </div>
        </li>
        <li
          class="rc-picker-time-panel-cell"
        >
          <div
            class="rc-picker-time-panel-cell-inner"
          >
            21
          </div>
        </li>
        <li
          class="rc-picker-time-panel-cell"
        >
          <div
            class="rc-picker-time-panel-cell-inner"
          >
            22
          </div>
        </li>
        <li
          class="rc-picker-time-panel-cell"
        >
          <div
            class="rc-picker-time-panel-cell-inner"
          >
            23
          </div>
        </li>
      </ul>
      <ul
        class="rc-picker-time-panel-column"
        style="position: relative;"
      >
        <li
          class="rc-picker-time-panel-cell"
        >
          <div
            class="rc-picker-time-panel-cell-inner"
          >
            00
          </div>
        </li>
        <li
          class="rc-picker-time-panel-cell"
        >
          <div
            class="rc-picker-time-panel-cell-inner"
          >
            01
          </div>
        </li>
        <li
          class="rc-picker-time-panel-cell rc-picker-time-panel-cell-disabled"
        >
          <div
            class="rc-picker-time-panel-cell-inner"
          >
            02
          </div>
        </li>
        <li
          class="rc-picker-time-panel-cell"
        >
          <div
            class="rc-picker-time-panel-cell-inner"
          >
            03
          </div>
        </li>
        <li
          class="rc-picker-time-panel-cell rc-picker-time-panel-cell-disabled"
        >
          <div
            class="rc-picker-time-panel-cell-inner"
          >
            04
          </div>
        </li>
        <li
          class="rc-picker-time-panel-cell"
        >
          <div
            class="rc-picker-time-panel-cell-inner"
          >
            05
          </div>
        </li>
        <li
          class="rc-picker-time-panel-cell rc-picker-time-panel-cell-disabled"
        >
          <div
            class="rc-picker-time-panel-cell-inner"
          >
            06
          </div>
        </li>
        <li
          class="rc-picker-time-panel-cell"
        >
          <div
            class="rc-picker-time-panel-cell-inner"
          >
            07
          </div>
        </li>
        <li
          class="rc-picker-time-panel-cell rc-picker-time-panel-cell-disabled"
        >
          <div
            class="rc-picker-time-panel-cell-inner"
          >
            08
          </div>
        </li>
        <li
          class="rc-picker-time-panel-cell"
        >
          <div
            class="rc-picker-time-panel-cell-inner"
          >
            09
          </div>
        </li>
        <li
          class="rc-picker-time-panel-cell rc-picker-time-panel-cell-disabled"
        >
          <div
            class="rc-picker-time-panel-cell-inner"
          >
            10
          </div>
        </li>
        <li
          class="rc-picker-time-panel-cell"
        >
          <div
            class="rc-picker-time-panel-cell-inner"
          >
            11
          </div>
        </li>
        <li
          class="rc-picker-time-panel-cell"
        >
          <div
            class="rc-picker-time-panel-cell-inner"
          >
            12
          </div>
        </li>
        <li
          class="rc-picker-time-panel-cell"
        >
          <div
            class="rc-picker-time-panel-cell-inner"
          >
            13
          </div>
        </li>
        <li
          class="rc-picker-time-panel-cell"
        >
          <div
            class="rc-picker-time-panel-cell-inner"
          >
            14
          </div>
        </li>
        <li
          class="rc-picker-time-panel-cell"
        >
          <div
            class="rc-picker-time-panel-cell-inner"
          >
            15
          </div>
        </li>
        <li
          class="rc-picker-time-panel-cell"
        >
          <div
            class="rc-picker-time-panel-cell-inner"
          >
            16
          </div>
        </li>
        <li
          class="rc-picker-time-panel-cell"
        >
          <div
            class="rc-picker-time-panel-cell-inner"
          >
            17
          </div>
        </li>
        <li
          class="rc-picker-time-panel-cell"
        >
          <div
            class="rc-picker-time-panel-cell-inner"
          >
            18
          </div>
        </li>
        <li
          class="rc-picker-time-panel-cell"
        >
          <div
            class="rc-picker-time-panel-cell-inner"
          >
            19
          </div>
        </li>
        <li
          class="rc-picker-time-panel-cell"
        >
          <div
            class="rc-picker-time-panel-cell-inner"
          >
            20
          </div>
        </li>
        <li
          class="rc-picker-time-panel-cell"
        >
          <div
            class="rc-picker-time-panel-cell-inner"
          >
            21
          </div>
        </li>
        <li
          class="rc-picker-time-panel-cell"
        >
          <div
            class="rc-picker-time-panel-cell-inner"
          >
            22
          </div>
        </li>
        <li
          class="rc-picker-time-panel-cell"
        >
          <div
            class="rc-picker-time-panel-cell-inner"
          >
            23
          </div>
        </li>
        <li
          class="rc-picker-time-panel-cell"
        >
          <div
            class="rc-picker-time-panel-cell-inner"
          >
            24
          </div>
        </li>
        <li
          class="rc-picker-time-panel-cell"
        >
          <div
            class="rc-picker-time-panel-cell-inner"
          >
            25
          </div>
        </li>
        <li
          class="rc-picker-time-panel-cell"
        >
          <div
            class="rc-picker-time-panel-cell-inner"
          >
            26
          </div>
        </li>
        <li
          class="rc-picker-time-panel-cell"
        >
          <div
            class="rc-picker-time-panel-cell-inner"
          >
            27
          </div>
        </li>
        <li
          class="rc-picker-time-panel-cell"
        >
          <div
            class="rc-picker-time-panel-cell-inner"
          >
            28
          </div>
        </li>
        <li
          class="rc-picker-time-panel-cell"
        >
          <div
            class="rc-picker-time-panel-cell-inner"
          >
            29
          </div>
        </li>
        <li
          class="rc-picker-time-panel-cell"
        >
          <div
            class="rc-picker-time-panel-cell-inner"
          >
            30
          </div>
        </li>
        <li
          class="rc-picker-time-panel-cell"
        >
          <div
            class="rc-picker-time-panel-cell-inner"
          >
            31
          </div>
        </li>
        <li
          class="rc-picker-time-panel-cell"
        >
          <div
            class="rc-picker-time-panel-cell-inner"
          >
            32
          </div>
        </li>
        <li
          class="rc-picker-time-panel-cell"
        >
          <div
            class="rc-picker-time-panel-cell-inner"
          >
            33
          </div>
        </li>
        <li
          class="rc-picker-time-panel-cell"
        >
          <div
            class="rc-picker-time-panel-cell-inner"
          >
            34
          </div>
        </li>
        <li
          class="rc-picker-time-panel-cell"
        >
          <div
            class="rc-picker-time-panel-cell-inner"
          >
            35
          </div>
        </li>
        <li
          class="rc-picker-time-panel-cell"
        >
          <div
            class="rc-picker-time-panel-cell-inner"
          >
            36
          </div>
        </li>
        <li
          class="rc-picker-time-panel-cell"
        >
          <div
            class="rc-picker-time-panel-cell-inner"
          >
            37
          </div>
        </li>
        <li
          class="rc-picker-time-panel-cell"
        >
          <div
            class="rc-picker-time-panel-cell-inner"
          >
            38
          </div>
        </li>
        <li
          class="rc-picker-time-panel-cell"
        >
          <div
            class="rc-picker-time-panel-cell-inner"
          >
            39
          </div>
        </li>
        <li
          class="rc-picker-time-panel-cell"
        >
          <div
            class="rc-picker-time-panel-cell-inner"
          >
            40
          </div>
        </li>
        <li
          class="rc-picker-time-panel-cell"
        >
          <div
            class="rc-picker-time-panel-cell-inner"
          >
            41
          </div>
        </li>
        <li
          class="rc-picker-time-panel-cell"
        >
          <div
            class="rc-picker-time-panel-cell-inner"
          >
            42
          </div>
        </li>
        <li
          class="rc-picker-time-panel-cell"
        >
          <div
            class="rc-picker-time-panel-cell-inner"
          >
            43
          </div>
        </li>
        <li
          class="rc-picker-time-panel-cell"
        >
          <div
            class="rc-picker-time-panel-cell-inner"
          >
            44
          </div>
        </li>
        <li
          class="rc-picker-time-panel-cell"
        >
          <div
            class="rc-picker-time-panel-cell-inner"
          >
            45
          </div>
        </li>
        <li
          class="rc-picker-time-panel-cell"
        >
          <div
            class="rc-picker-time-panel-cell-inner"
          >
            46
          </div>
        </li>
        <li
          class="rc-picker-time-panel-cell"
        >
          <div
            class="rc-picker-time-panel-cell-inner"
          >
            47
          </div>
        </li>
        <li
          class="rc-picker-time-panel-cell"
        >
          <div
            class="rc-picker-time-panel-cell-inner"
          >
            48
          </div>
        </li>
        <li
          class="rc-picker-time-panel-cell"
        >
          <div
            class="rc-picker-time-panel-cell-inner"
          >
            49
          </div>
        </li>
        <li
          class="rc-picker-time-panel-cell"
        >
          <div
            class="rc-picker-time-panel-cell-inner"
          >
            50
          </div>
        </li>
        <li
          class="rc-picker-time-panel-cell"
        >
          <div
            class="rc-picker-time-panel-cell-inner"
          >
            51
          </div>
        </li>
        <li
          class="rc-picker-time-panel-cell"
        >
          <div
            class="rc-picker-time-panel-cell-inner"
          >
            52
          </div>
        </li>
        <li
          class="rc-picker-time-panel-cell"
        >
          <div
            class="rc-picker-time-panel-cell-inner"
          >
            53
          </div>
        </li>
        <li
          class="rc-picker-time-panel-cell"
        >
          <div
            class="rc-picker-time-panel-cell-inner"
          >
            54
          </div>
        </li>
        <li
          class="rc-picker-time-panel-cell"
        >
          <div
            class="rc-picker-time-panel-cell-inner"
          >
            55
          </div>
        </li>
        <li
          class="rc-picker-time-panel-cell"
        >
          <div
            class="rc-picker-time-panel-cell-inner"
          >
            56
          </div>
        </li>
        <li
          class="rc-picker-time-panel-cell"
        >
          <div
            class="rc-picker-time-panel-cell-inner"
          >
            57
          </div>
        </li>
        <li
          class="rc-picker-time-panel-cell"
        >
          <div
            class="rc-picker-time-panel-cell-inner"
          >
            58
          </div>
        </li>
        <li
          class="rc-picker-time-panel-cell"
        >
          <div
            class="rc-picker-time-panel-cell-inner"
          >
            59
          </div>
        </li>
      </ul>
      <ul
        class="rc-picker-time-panel-column"
        style="position: relative;"
      >
        <li
          class="rc-picker-time-panel-cell"
        >
          <div
            class="rc-picker-time-panel-cell-inner"
          >
            00
          </div>
        </li>
        <li
          class="rc-picker-time-panel-cell"
        >
          <div
            class="rc-picker-time-panel-cell-inner"
          >
            01
          </div>
        </li>
        <li
          class="rc-picker-time-panel-cell"
        >
          <div
            class="rc-picker-time-panel-cell-inner"
          >
            02
          </div>
        </li>
        <li
          class="rc-picker-time-panel-cell"
        >
          <div
            class="rc-picker-time-panel-cell-inner"
          >
            03
          </div>
        </li>
        <li
          class="rc-picker-time-panel-cell"
        >
          <div
            class="rc-picker-time-panel-cell-inner"
          >
            04
          </div>
        </li>
        <li
          class="rc-picker-time-panel-cell"
        >
          <div
            class="rc-picker-time-panel-cell-inner"
          >
            05
          </div>
        </li>
        <li
          class="rc-picker-time-panel-cell"
        >
          <div
            class="rc-picker-time-panel-cell-inner"
          >
            06
          </div>
        </li>
        <li
          class="rc-picker-time-panel-cell"
        >
          <div
            class="rc-picker-time-panel-cell-inner"
          >
            07
          </div>
        </li>
        <li
          class="rc-picker-time-panel-cell"
        >
          <div
            class="rc-picker-time-panel-cell-inner"
          >
            08
          </div>
        </li>
        <li
          class="rc-picker-time-panel-cell"
        >
          <div
            class="rc-picker-time-panel-cell-inner"
          >
            09
          </div>
        </li>
        <li
          class="rc-picker-time-panel-cell rc-picker-time-panel-cell-disabled"
        >
          <div
            class="rc-picker-time-panel-cell-inner"
          >
            10
          </div>
        </li>
        <li
          class="rc-picker-time-panel-cell"
        >
          <div
            class="rc-picker-time-panel-cell-inner"
          >
            11
          </div>
        </li>
        <li
          class="rc-picker-time-panel-cell"
        >
          <div
            class="rc-picker-time-panel-cell-inner"
          >
            12
          </div>
        </li>
        <li
          class="rc-picker-time-panel-cell"
        >
          <div
            class="rc-picker-time-panel-cell-inner"
          >
            13
          </div>
        </li>
        <li
          class="rc-picker-time-panel-cell"
        >
          <div
            class="rc-picker-time-panel-cell-inner"
          >
            14
          </div>
        </li>
        <li
          class="rc-picker-time-panel-cell"
        >
          <div
            class="rc-picker-time-panel-cell-inner"
          >
            15
          </div>
        </li>
        <li
          class="rc-picker-time-panel-cell"
        >
          <div
            class="rc-picker-time-panel-cell-inner"
          >
            16
          </div>
        </li>
        <li
          class="rc-picker-time-panel-cell"
        >
          <div
            class="rc-picker-time-panel-cell-inner"
          >
            17
          </div>
        </li>
        <li
          class="rc-picker-time-panel-cell"
        >
          <div
            class="rc-picker-time-panel-cell-inner"
          >
            18
          </div>
        </li>
        <li
          class="rc-picker-time-panel-cell"
        >
          <div
            class="rc-picker-time-panel-cell-inner"
          >
            19
          </div>
        </li>
        <li
          class="rc-picker-time-panel-cell rc-picker-time-panel-cell-disabled"
        >
          <div
            class="rc-picker-time-panel-cell-inner"
          >
            20
          </div>
        </li>
        <li
          class="rc-picker-time-panel-cell"
        >
          <div
            class="rc-picker-time-panel-cell-inner"
          >
            21
          </div>
        </li>
        <li
          class="rc-picker-time-panel-cell"
        >
          <div
            class="rc-picker-time-panel-cell-inner"
          >
            22
          </div>
        </li>
        <li
          class="rc-picker-time-panel-cell"
        >
          <div
            class="rc-picker-time-panel-cell-inner"
          >
            23
          </div>
        </li>
        <li
          class="rc-picker-time-panel-cell"
        >
          <div
            class="rc-picker-time-panel-cell-inner"
          >
            24
          </div>
        </li>
        <li
          class="rc-picker-time-panel-cell"
        >
          <div
            class="rc-picker-time-panel-cell-inner"
          >
            25
          </div>
        </li>
        <li
          class="rc-picker-time-panel-cell"
        >
          <div
            class="rc-picker-time-panel-cell-inner"
          >
            26
          </div>
        </li>
        <li
          class="rc-picker-time-panel-cell"
        >
          <div
            class="rc-picker-time-panel-cell-inner"
          >
            27
          </div>
        </li>
        <li
          class="rc-picker-time-panel-cell"
        >
          <div
            class="rc-picker-time-panel-cell-inner"
          >
            28
          </div>
        </li>
        <li
          class="rc-picker-time-panel-cell"
        >
          <div
            class="rc-picker-time-panel-cell-inner"
          >
            29
          </div>
        </li>
        <li
          class="rc-picker-time-panel-cell rc-picker-time-panel-cell-disabled"
        >
          <div
            class="rc-picker-time-panel-cell-inner"
          >
            30
          </div>
        </li>
        <li
          class="rc-picker-time-panel-cell"
        >
          <div
            class="rc-picker-time-panel-cell-inner"
          >
            31
          </div>
        </li>
        <li
          class="rc-picker-time-panel-cell"
        >
          <div
            class="rc-picker-time-panel-cell-inner"
          >
            32
          </div>
        </li>
        <li
          class="rc-picker-time-panel-cell"
        >
          <div
            class="rc-picker-time-panel-cell-inner"
          >
            33
          </div>
        </li>
        <li
          class="rc-picker-time-panel-cell"
        >
          <div
            class="rc-picker-time-panel-cell-inner"
          >
            34
          </div>
        </li>
        <li
          class="rc-picker-time-panel-cell"
        >
          <div
            class="rc-picker-time-panel-cell-inner"
          >
            35
          </div>
        </li>
        <li
          class="rc-picker-time-panel-cell"
        >
          <div
            class="rc-picker-time-panel-cell-inner"
          >
            36
          </div>
        </li>
        <li
          class="rc-picker-time-panel-cell"
        >
          <div
            class="rc-picker-time-panel-cell-inner"
          >
            37
          </div>
        </li>
        <li
          class="rc-picker-time-panel-cell"
        >
          <div
            class="rc-picker-time-panel-cell-inner"
          >
            38
          </div>
        </li>
        <li
          class="rc-picker-time-panel-cell"
        >
          <div
            class="rc-picker-time-panel-cell-inner"
          >
            39
          </div>
        </li>
        <li
          class="rc-picker-time-panel-cell rc-picker-time-panel-cell-disabled"
        >
          <div
            class="rc-picker-time-panel-cell-inner"
          >
            40
          </div>
        </li>
        <li
          class="rc-picker-time-panel-cell"
        >
          <div
            class="rc-picker-time-panel-cell-inner"
          >
            41
          </div>
        </li>
        <li
          class="rc-picker-time-panel-cell"
        >
          <div
            class="rc-picker-time-panel-cell-inner"
          >
            42
          </div>
        </li>
        <li
          class="rc-picker-time-panel-cell"
        >
          <div
            class="rc-picker-time-panel-cell-inner"
          >
            43
          </div>
        </li>
        <li
          class="rc-picker-time-panel-cell"
        >
          <div
            class="rc-picker-time-panel-cell-inner"
          >
            44
          </div>
        </li>
        <li
          class="rc-picker-time-panel-cell"
        >
          <div
            class="rc-picker-time-panel-cell-inner"
          >
            45
          </div>
        </li>
        <li
          class="rc-picker-time-panel-cell"
        >
          <div
            class="rc-picker-time-panel-cell-inner"
          >
            46
          </div>
        </li>
        <li
          class="rc-picker-time-panel-cell"
        >
          <div
            class="rc-picker-time-panel-cell-inner"
          >
            47
          </div>
        </li>
        <li
          class="rc-picker-time-panel-cell"
        >
          <div
            class="rc-picker-time-panel-cell-inner"
          >
            48
          </div>
        </li>
        <li
          class="rc-picker-time-panel-cell"
        >
          <div
            class="rc-picker-time-panel-cell-inner"
          >
            49
          </div>
        </li>
        <li
          class="rc-picker-time-panel-cell rc-picker-time-panel-cell-disabled"
        >
          <div
            class="rc-picker-time-panel-cell-inner"
          >
            50
          </div>
        </li>
        <li
          class="rc-picker-time-panel-cell"
        >
          <div
            class="rc-picker-time-panel-cell-inner"
          >
            51
          </div>
        </li>
        <li
          class="rc-picker-time-panel-cell"
        >
          <div
            class="rc-picker-time-panel-cell-inner"
          >
            52
          </div>
        </li>
        <li
          class="rc-picker-time-panel-cell"
        >
          <div
            class="rc-picker-time-panel-cell-inner"
          >
            53
          </div>
        </li>
        <li
          class="rc-picker-time-panel-cell"
        >
          <div
            class="rc-picker-time-panel-cell-inner"
          >
            54
          </div>
        </li>
        <li
          class="rc-picker-time-panel-cell"
        >
          <div
            class="rc-picker-time-panel-cell-inner"
          >
            55
          </div>
        </li>
        <li
          class="rc-picker-time-panel-cell"
        >
          <div
            class="rc-picker-time-panel-cell-inner"
          >
            56
          </div>
        </li>
        <li
          class="rc-picker-time-panel-cell"
        >
          <div
            class="rc-picker-time-panel-cell-inner"
          >
            57
          </div>
        </li>
        <li
          class="rc-picker-time-panel-cell"
        >
          <div
            class="rc-picker-time-panel-cell-inner"
          >
            58
          </div>
        </li>
        <li
          class="rc-picker-time-panel-cell"
        >
          <div
            class="rc-picker-time-panel-cell-inner"
          >
            59
          </div>
        </li>
      </ul>
    </div>
  </div>
</div>
`;
