// Jest Snapshot v1, https://goo.gl/fbAQLP

exports[`Basic icon 1`] = `
<div
  class="rc-picker-input"
>
  <input
    readonly=""
    size="12"
    value="1990-09-03"
  />
  <span
    class="rc-picker-suffix"
  >
    <span
      class="suffix-icon"
    />
  </span>
  <span
    class="rc-picker-clear"
  >
    <span
      class="suffix-icon"
    />
  </span>
</div>
`;
